.\gradlew.bat : 
At line:1 char:1
+ .\gradlew.bat assembleDebug --stacktrace 
2>&1 | Out-File -FilePath .\ ...
+ 
~~~~~~~~~~~~~~~~~~~~~~~~~~~~~~~~~~~~~~~~~~~~~
    + CategoryInfo          : NotSpecified:  
   (:String) [], RemoteException
    + FullyQualifiedErrorId : NativeCommandE 
   rror
 
FAILURE: Build failed with an exception.

* Where:
Build file 'C:\Users\admin\Desktop\AG 
DS\DataSage\app\build.gradle.kts' line: 1

* What went wrong:
An exception occurred applying plugin 
request [id: 'org.jetbrains.kotlin.android', 
version: '2.0.21']
> Failed to apply plugin 
'org.jetbrains.kotlin.android'.
   > Cannot add extension with name 
'kotlin', as there is an extension already 
registered with that name.

* Try:
> Run with --info or --debug option to get 
more log output.
> Run with --scan to generate a Build Scan 
(powered by Develocity).
> Get more help at https://help.gradle.org.

* Exception is:
org.gradle.api.plugins.InvalidPluginException
: An exception occurred applying plugin 
request [id: 'org.jetbrains.kotlin.android', 
version: '2.0.21']
	at org.gradle.plugin.use.internal.DefaultPlu
ginRequestApplicator.exceptionOccurred(Defaul
tPluginRequestApplicator.java:183)
	at org.gradle.plugin.use.internal.DefaultPlu
ginRequestApplicator.access$400(DefaultPlugin
RequestApplicator.java:54)
	at org.gradle.plugin.use.internal.DefaultPlu
ginRequestApplicator$ApplyAction.apply(Defaul
tPluginRequestApplicator.java:164)
	at org.gradle.plugin.use.internal.DefaultPlu
ginRequestApplicator.lambda$applyPlugins$1(De
faultPluginRequestApplicator.java:134)
	at org.gradle.plugin.use.internal.DefaultPlu
ginRequestApplicator.applyPlugins(DefaultPlug
inRequestApplicator.java:134)
	at org.gradle.kotlin.dsl.provider.PluginRequ
estsHandler.handle(PluginRequestsHandler.kt:4
5)
	at org.gradle.kotlin.dsl.provider.StandardKo
tlinScriptEvaluator$InterpreterHost.applyPlug
insTo(KotlinScriptEvaluator.kt:242)
	at org.gradle.kotlin.dsl.execution.Interpret
er$ProgramHost.applyPluginsTo(Interpreter.kt:
387)
	at Program.execute(Unknown Source)
	at org.gradle.kotlin.dsl.execution.Interpret
er$ProgramHost.eval(Interpreter.kt:516)
	at org.gradle.kotlin.dsl.execution.Interpret
er.eval(Interpreter.kt:194)
	at org.gradle.kotlin.dsl.provider.StandardKo
tlinScriptEvaluator.evaluate(KotlinScriptEval
uator.kt:133)
	at org.gradle.kotlin.dsl.provider.KotlinScri
ptPluginFactory.create$lambda$0(KotlinScriptP
luginFactory.kt:61)
	at org.gradle.kotlin.dsl.provider.KotlinScri
ptPlugin.apply(KotlinScriptPlugin.kt:35)
	at org.gradle.configuration.BuildOperationSc
riptPlugin$1.run(BuildOperationScriptPlugin.j
ava:68)
	at org.gradle.internal.operations.DefaultBui
ldOperationRunner$1.execute(DefaultBuildOpera
tionRunner.java:29)
	at org.gradle.internal.operations.DefaultBui
ldOperationRunner$1.execute(DefaultBuildOpera
tionRunner.java:26)
	at org.gradle.internal.operations.DefaultBui
ldOperationRunner$2.execute(DefaultBuildOpera
tionRunner.java:66)
	at org.gradle.internal.operations.DefaultBui
ldOperationRunner$2.execute(DefaultBuildOpera
tionRunner.java:59)
	at org.gradle.internal.operations.DefaultBui
ldOperationRunner.execute(DefaultBuildOperati
onRunner.java:166)
	at org.gradle.internal.operations.DefaultBui
ldOperationRunner.execute(DefaultBuildOperati
onRunner.java:59)
	at org.gradle.internal.operations.DefaultBui
ldOperationRunner.run(DefaultBuildOperationRu
nner.java:47)
	at org.gradle.configuration.BuildOperationSc
riptPlugin.lambda$apply$0(BuildOperationScrip
tPlugin.java:65)
	at org.gradle.internal.code.DefaultUserCodeA
pplicationContext.apply(DefaultUserCodeApplic
ationContext.java:44)
	at org.gradle.configuration.BuildOperationSc
riptPlugin.apply(BuildOperationScriptPlugin.j
ava:65)
	at org.gradle.api.internal.project.DefaultPr
ojectStateRegistry$ProjectStateImpl.lambda$ap
plyToMutableState$1(DefaultProjectStateRegist
ry.java:446)
	at org.gradle.api.internal.project.DefaultPr
ojectStateRegistry$ProjectStateImpl.fromMutab
leState(DefaultProjectStateRegistry.java:464)
	at org.gradle.api.internal.project.DefaultPr
ojectStateRegistry$ProjectStateImpl.applyToMu
tableState(DefaultProjectStateRegistry.java:4
45)
	at org.gradle.configuration.project.BuildScr
iptProcessor.execute(BuildScriptProcessor.jav
a:46)
	at org.gradle.configuration.project.BuildScr
iptProcessor.execute(BuildScriptProcessor.jav
a:27)
	at org.gradle.configuration.project.Configur
eActionsProjectEvaluator.evaluate(ConfigureAc
tionsProjectEvaluator.java:35)
	at org.gradle.configuration.project.Lifecycl
eProjectEvaluator$EvaluateProject.lambda$run$
0(LifecycleProjectEvaluator.java:109)
	at org.gradle.api.internal.project.DefaultPr
ojectStateRegistry$ProjectStateImpl.lambda$ap
plyToMutableState$1(DefaultProjectStateRegist
ry.java:446)
	at org.gradle.api.internal.project.DefaultPr
ojectStateRegistry$ProjectStateImpl.lambda$fr
omMutableState$2(DefaultProjectStateRegistry.
java:469)
	at org.gradle.internal.work.DefaultWorkerLea
seService.lambda$withLocksAcquired$0(DefaultW
orkerLeaseService.java:269)
	at org.gradle.internal.work.ResourceLockStat
istics$1.measure(ResourceLockStatistics.java:
42)
	at org.gradle.internal.work.DefaultWorkerLea
seService.withLocksAcquired(DefaultWorkerLeas
eService.java:267)
	at org.gradle.internal.work.DefaultWorkerLea
seService.lambda$withReplacedLocks$3(DefaultW
orkerLeaseService.java:365)
	at org.gradle.internal.work.DefaultWorkerLea
seService.withoutLocks(DefaultWorkerLeaseServ
ice.java:337)
	at org.gradle.internal.work.DefaultWorkerLea
seService.withReplacedLocks(DefaultWorkerLeas
eService.java:364)
	at org.gradle.api.internal.project.DefaultPr
ojectStateRegistry$ProjectStateImpl.fromMutab
leState(DefaultProjectStateRegistry.java:469)
	at org.gradle.api.internal.project.DefaultPr
ojectStateRegistry$ProjectStateImpl.applyToMu
tableState(DefaultProjectStateRegistry.java:4
45)
	at org.gradle.configuration.project.Lifecycl
eProjectEvaluator$EvaluateProject.run(Lifecyc
leProjectEvaluator.java:100)
	at org.gradle.internal.operations.DefaultBui
ldOperationRunner$1.execute(DefaultBuildOpera
tionRunner.java:29)
	at org.gradle.internal.operations.DefaultBui
ldOperationRunner$1.execute(DefaultBuildOpera
tionRunner.java:26)
	at org.gradle.internal.operations.DefaultBui
ldOperationRunner$2.execute(DefaultBuildOpera
tionRunner.java:66)
	at org.gradle.internal.operations.DefaultBui
ldOperationRunner$2.execute(DefaultBuildOpera
tionRunner.java:59)
	at org.gradle.internal.operations.DefaultBui
ldOperationRunner.execute(DefaultBuildOperati
onRunner.java:166)
	at org.gradle.internal.operations.DefaultBui
ldOperationRunner.execute(DefaultBuildOperati
onRunner.java:59)
	at org.gradle.internal.operations.DefaultBui
ldOperationRunner.run(DefaultBuildOperationRu
nner.java:47)
	at org.gradle.configuration.project.Lifecycl
eProjectEvaluator.evaluate(LifecycleProjectEv
aluator.java:72)
	at org.gradle.api.internal.project.DefaultPr
oject.evaluateUnchecked(DefaultProject.java:8
40)
	at org.gradle.api.internal.project.ProjectLi
fecycleController.lambda$ensureSelfConfigured
$2(ProjectLifecycleController.java:88)
	at org.gradle.internal.model.StateTransition
Controller.lambda$doTransition$14(StateTransi
tionController.java:255)
	at org.gradle.internal.model.StateTransition
Controller.doTransition(StateTransitionContro
ller.java:266)
	at org.gradle.internal.model.StateTransition
Controller.doTransition(StateTransitionContro
ller.java:254)
	at org.gradle.internal.model.StateTransition
Controller.lambda$maybeTransitionIfNotCurrent
lyTransitioning$10(StateTransitionController.
java:199)
	at org.gradle.internal.work.DefaultSynchroni
zer.withLock(DefaultSynchronizer.java:35)
	at org.gradle.internal.model.StateTransition
Controller.maybeTransitionIfNotCurrentlyTrans
itioning(StateTransitionController.java:195)
	at org.gradle.api.internal.project.ProjectLi
fecycleController.ensureSelfConfigured(Projec
tLifecycleController.java:88)
	at org.gradle.api.internal.project.DefaultPr
ojectStateRegistry$ProjectStateImpl.ensureCon
figured(DefaultProjectStateRegistry.java:411)
	at org.gradle.execution.TaskPathProjectEvalu
ator.configure(TaskPathProjectEvaluator.java:
70)
	at org.gradle.execution.TaskPathProjectEvalu
ator.configureHierarchy(TaskPathProjectEvalua
tor.java:86)
	at org.gradle.configuration.DefaultProjectsP
reparer.prepareProjects(DefaultProjectsPrepar
er.java:50)
	at org.gradle.configuration.BuildTreePrepari
ngProjectsPreparer.prepareProjects(BuildTreeP
reparingProjectsPreparer.java:65)
	at org.gradle.configuration.BuildOperationFi
ringProjectsPreparer$ConfigureBuild.run(Build
OperationFiringProjectsPreparer.java:52)
	at org.gradle.internal.operations.DefaultBui
ldOperationRunner$1.execute(DefaultBuildOpera
tionRunner.java:29)
	at org.gradle.internal.operations.DefaultBui
ldOperationRunner$1.execute(DefaultBuildOpera
tionRunner.java:26)
	at org.gradle.internal.operations.DefaultBui
ldOperationRunner$2.execute(DefaultBuildOpera
tionRunner.java:66)
	at org.gradle.internal.operations.DefaultBui
ldOperationRunner$2.execute(DefaultBuildOpera
tionRunner.java:59)
	at org.gradle.internal.operations.DefaultBui
ldOperationRunner.execute(DefaultBuildOperati
onRunner.java:166)
	at org.gradle.internal.operations.DefaultBui
ldOperationRunner.execute(DefaultBuildOperati
onRunner.java:59)
	at org.gradle.internal.operations.DefaultBui
ldOperationRunner.run(DefaultBuildOperationRu
nner.java:47)
	at org.gradle.configuration.BuildOperationFi
ringProjectsPreparer.prepareProjects(BuildOpe
rationFiringProjectsPreparer.java:40)
	at org.gradle.initialization.VintageBuildMod
elController.lambda$prepareProjects$2(Vintage
BuildModelController.java:83)
	at org.gradle.internal.model.StateTransition
Controller.lambda$doTransition$14(StateTransi
tionController.java:255)
	at org.gradle.internal.model.StateTransition
Controller.doTransition(StateTransitionContro
ller.java:266)
	at org.gradle.internal.model.StateTransition
Controller.doTransition(StateTransitionContro
ller.java:254)
	at org.gradle.internal.model.StateTransition
Controller.lambda$transitionIfNotPreviously$1
1(StateTransitionController.java:213)
	at org.gradle.internal.work.DefaultSynchroni
zer.withLock(DefaultSynchronizer.java:35)
	at org.gradle.internal.model.StateTransition
Controller.transitionIfNotPreviously(StateTra
nsitionController.java:209)
	at org.gradle.initialization.VintageBuildMod
elController.prepareProjects(VintageBuildMode
lController.java:83)
	at org.gradle.initialization.VintageBuildMod
elController.prepareToScheduleTasks(VintageBu
ildModelController.java:70)
	at org.gradle.internal.build.DefaultBuildLif
ecycleController.lambda$prepareToScheduleTask
s$6(DefaultBuildLifecycleController.java:175)
	at org.gradle.internal.model.StateTransition
Controller.lambda$doTransition$14(StateTransi
tionController.java:255)
	at org.gradle.internal.model.StateTransition
Controller.doTransition(StateTransitionContro
ller.java:266)
	at org.gradle.internal.model.StateTransition
Controller.doTransition(StateTransitionContro
ller.java:254)
	at org.gradle.internal.model.StateTransition
Controller.lambda$maybeTransition$9(StateTran
sitionController.java:190)
	at org.gradle.internal.work.DefaultSynchroni
zer.withLock(DefaultSynchronizer.java:35)
	at org.gradle.internal.model.StateTransition
Controller.maybeTransition(StateTransitionCon
troller.java:186)
	at org.gradle.internal.build.DefaultBuildLif
ecycleController.prepareToScheduleTasks(Defau
ltBuildLifecycleController.java:173)
	at org.gradle.internal.buildtree.DefaultBuil
dTreeWorkPreparer.scheduleRequestedTasks(Defa
ultBuildTreeWorkPreparer.java:35)
	at org.gradle.internal.cc.impl.barrier.Barri
erAwareBuildTreeWorkPreparer.scheduleRequeste
dTasks$lambda$0(BarrierAwareBuildTreeWorkPrep
arer.kt:34)
	at org.gradle.internal.cc.impl.barrier.Vinta
geConfigurationTimeActionRunner.runConfigurat
ionTimeAction(VintageConfigurationTimeActionR
unner.kt:48)
	at org.gradle.internal.cc.impl.barrier.Barri
erAwareBuildTreeWorkPreparer.scheduleRequeste
dTasks(BarrierAwareBuildTreeWorkPreparer.kt:3
3)
	at org.gradle.internal.cc.impl.VintageBuildT
reeWorkController$scheduleAndRunRequestedTask
s$1.apply(VintageBuildTreeWorkController.kt:3
6)
	at org.gradle.internal.cc.impl.VintageBuildT
reeWorkController$scheduleAndRunRequestedTask
s$1.apply(VintageBuildTreeWorkController.kt:3
5)
	at org.gradle.composite.internal.DefaultIncl
udedBuildTaskGraph.withNewWorkGraph(DefaultIn
cludedBuildTaskGraph.java:114)
	at org.gradle.internal.cc.impl.VintageBuildT
reeWorkController.scheduleAndRunRequestedTask
s(VintageBuildTreeWorkController.kt:35)
	at org.gradle.internal.buildtree.DefaultBuil
dTreeLifecycleController.lambda$scheduleAndRu
nTasks$1(DefaultBuildTreeLifecycleController.
java:77)
	at org.gradle.internal.buildtree.DefaultBuil
dTreeLifecycleController.lambda$runBuild$4(De
faultBuildTreeLifecycleController.java:120)
	at org.gradle.internal.model.StateTransition
Controller.lambda$transition$6(StateTransitio
nController.java:169)
	at org.gradle.internal.model.StateTransition
Controller.doTransition(StateTransitionContro
ller.java:266)
	at org.gradle.internal.model.StateTransition
Controller.lambda$transition$7(StateTransitio
nController.java:169)
	at org.gradle.internal.work.DefaultSynchroni
zer.withLock(DefaultSynchronizer.java:45)
	at org.gradle.internal.model.StateTransition
Controller.transition(StateTransitionControll
er.java:169)
	at org.gradle.internal.buildtree.DefaultBuil
dTreeLifecycleController.runBuild(DefaultBuil
dTreeLifecycleController.java:117)
	at org.gradle.internal.buildtree.DefaultBuil
dTreeLifecycleController.scheduleAndRunTasks(
DefaultBuildTreeLifecycleController.java:77)
	at org.gradle.internal.buildtree.DefaultBuil
dTreeLifecycleController.scheduleAndRunTasks(
DefaultBuildTreeLifecycleController.java:72)
	at org.gradle.tooling.internal.provider.Exec
uteBuildActionRunner.run(ExecuteBuildActionRu
nner.java:31)
	at org.gradle.launcher.exec.ChainingBuildAct
ionRunner.run(ChainingBuildActionRunner.java:
35)
	at org.gradle.internal.buildtree.ProblemRepo
rtingBuildActionRunner.run(ProblemReportingBu
ildActionRunner.java:54)
	at org.gradle.launcher.exec.BuildOutcomeRepo
rtingBuildActionRunner.run(BuildOutcomeReport
ingBuildActionRunner.java:83)
	at org.gradle.tooling.internal.provider.File
SystemWatchingBuildActionRunner.run(FileSyste
mWatchingBuildActionRunner.java:135)
	at org.gradle.launcher.exec.BuildCompletionN
otifyingBuildActionRunner.run(BuildCompletion
NotifyingBuildActionRunner.java:54)
	at org.gradle.launcher.exec.RootBuildLifecyc
leBuildActionExecutor.lambda$execute$0(RootBu
ildLifecycleBuildActionExecutor.java:56)
	at org.gradle.composite.internal.DefaultRoot
BuildState.run(DefaultRootBuildState.java:126
)
	at org.gradle.launcher.exec.RootBuildLifecyc
leBuildActionExecutor.execute(RootBuildLifecy
cleBuildActionExecutor.java:56)
	at org.gradle.internal.buildtree.InitDepreca
tionLoggingActionExecutor.execute(InitDepreca
tionLoggingActionExecutor.java:62)
	at org.gradle.internal.buildtree.InitProblem
s.execute(InitProblems.java:36)
	at org.gradle.internal.buildtree.DefaultBuil
dTreeContext.execute(DefaultBuildTreeContext.
java:40)
	at org.gradle.launcher.exec.BuildTreeLifecyc
leBuildActionExecutor.lambda$execute$0(BuildT
reeLifecycleBuildActionExecutor.java:71)
	at org.gradle.internal.buildtree.BuildTreeSt
ate.run(BuildTreeState.java:60)
	at org.gradle.launcher.exec.BuildTreeLifecyc
leBuildActionExecutor.execute(BuildTreeLifecy
cleBuildActionExecutor.java:71)
	at org.gradle.launcher.exec.RunAsBuildOperat
ionBuildActionExecutor$2.call(RunAsBuildOpera
tionBuildActionExecutor.java:65)
	at org.gradle.launcher.exec.RunAsBuildOperat
ionBuildActionExecutor$2.call(RunAsBuildOpera
tionBuildActionExecutor.java:61)
	at org.gradle.internal.operations.DefaultBui
ldOperationRunner$CallableBuildOperationWorke
r.execute(DefaultBuildOperationRunner.java:20
9)
	at org.gradle.internal.operations.DefaultBui
ldOperationRunner$CallableBuildOperationWorke
r.execute(DefaultBuildOperationRunner.java:20
4)
	at org.gradle.internal.operations.DefaultBui
ldOperationRunner$2.execute(DefaultBuildOpera
tionRunner.java:66)
	at org.gradle.internal.operations.DefaultBui
ldOperationRunner$2.execute(DefaultBuildOpera
tionRunner.java:59)
	at org.gradle.internal.operations.DefaultBui
ldOperationRunner.execute(DefaultBuildOperati
onRunner.java:166)
	at org.gradle.internal.operations.DefaultBui
ldOperationRunner.execute(DefaultBuildOperati
onRunner.java:59)
	at org.gradle.internal.operations.DefaultBui
ldOperationRunner.call(DefaultBuildOperationR
unner.java:53)
	at org.gradle.launcher.exec.RunAsBuildOperat
ionBuildActionExecutor.execute(RunAsBuildOper
ationBuildActionExecutor.java:61)
	at org.gradle.launcher.exec.RunAsWorkerThrea
dBuildActionExecutor.lambda$execute$0(RunAsWo
rkerThreadBuildActionExecutor.java:36)
	at org.gradle.internal.work.DefaultWorkerLea
seService.lambda$withLocksAcquired$0(DefaultW
orkerLeaseService.java:269)
	at org.gradle.internal.work.ResourceLockStat
istics$1.measure(ResourceLockStatistics.java:
42)
	at org.gradle.internal.work.DefaultWorkerLea
seService.withLocksAcquired(DefaultWorkerLeas
eService.java:267)
	at org.gradle.internal.work.DefaultWorkerLea
seService.withLocks(DefaultWorkerLeaseService
.java:259)
	at org.gradle.internal.work.DefaultWorkerLea
seService.runAsWorkerThread(DefaultWorkerLeas
eService.java:127)
	at org.gradle.launcher.exec.RunAsWorkerThrea
dBuildActionExecutor.execute(RunAsWorkerThrea
dBuildActionExecutor.java:36)
	at org.gradle.tooling.internal.provider.cont
inuous.ContinuousBuildActionExecutor.execute(
ContinuousBuildActionExecutor.java:110)
	at org.gradle.tooling.internal.provider.Subs
cribableBuildActionExecutor.execute(Subscriba
bleBuildActionExecutor.java:64)
	at org.gradle.internal.session.DefaultBuildS
essionContext.execute(DefaultBuildSessionCont
ext.java:46)
	at org.gradle.internal.buildprocess.executio
n.BuildSessionLifecycleBuildActionExecutor$Ac
tionImpl.apply(BuildSessionLifecycleBuildActi
onExecutor.java:92)
	at org.gradle.internal.buildprocess.executio
n.BuildSessionLifecycleBuildActionExecutor$Ac
tionImpl.apply(BuildSessionLifecycleBuildActi
onExecutor.java:80)
	at org.gradle.internal.session.BuildSessionS
tate.run(BuildSessionState.java:73)
	at org.gradle.internal.buildprocess.executio
n.BuildSessionLifecycleBuildActionExecutor.ex
ecute(BuildSessionLifecycleBuildActionExecuto
r.java:62)
	at org.gradle.internal.buildprocess.executio
n.BuildSessionLifecycleBuildActionExecutor.ex
ecute(BuildSessionLifecycleBuildActionExecuto
r.java:41)
	at org.gradle.internal.buildprocess.executio
n.StartParamsValidatingActionExecutor.execute
(StartParamsValidatingActionExecutor.java:57)
	at org.gradle.internal.buildprocess.executio
n.StartParamsValidatingActionExecutor.execute
(StartParamsValidatingActionExecutor.java:32)
	at org.gradle.internal.buildprocess.executio
n.SessionFailureReportingActionExecutor.execu
te(SessionFailureReportingActionExecutor.java
:51)
	at org.gradle.internal.buildprocess.executio
n.SessionFailureReportingActionExecutor.execu
te(SessionFailureReportingActionExecutor.java
:39)
	at org.gradle.internal.buildprocess.executio
n.SetupLoggingActionExecutor.execute(SetupLog
gingActionExecutor.java:47)
	at org.gradle.internal.buildprocess.executio
n.SetupLoggingActionExecutor.execute(SetupLog
gingActionExecutor.java:31)
	at org.gradle.launcher.daemon.server.exec.Ex
ecuteBuild.doBuild(ExecuteBuild.java:70)
	at org.gradle.launcher.daemon.server.exec.Bu
ildCommandOnly.execute(BuildCommandOnly.java:
37)
	at org.gradle.launcher.daemon.server.api.Dae
monCommandExecution.proceed(DaemonCommandExec
ution.java:104)
	at org.gradle.launcher.daemon.server.exec.Wa
tchForDisconnection.execute(WatchForDisconnec
tion.java:39)
	at org.gradle.launcher.daemon.server.api.Dae
monCommandExecution.proceed(DaemonCommandExec
ution.java:104)
	at org.gradle.launcher.daemon.server.exec.Re
setDeprecationLogger.execute(ResetDeprecation
Logger.java:29)
	at org.gradle.launcher.daemon.server.api.Dae
monCommandExecution.proceed(DaemonCommandExec
ution.java:104)
	at org.gradle.launcher.daemon.server.exec.Re
questStopIfSingleUsedDaemon.execute(RequestSt
opIfSingleUsedDaemon.java:35)
	at org.gradle.launcher.daemon.server.api.Dae
monCommandExecution.proceed(DaemonCommandExec
ution.java:104)
	at org.gradle.launcher.daemon.server.exec.Fo
rwardClientInput.lambda$execute$0(ForwardClie
ntInput.java:40)
	at org.gradle.internal.daemon.clientinput.Cl
ientInputForwarder.forwardInput(ClientInputFo
rwarder.java:80)
	at org.gradle.launcher.daemon.server.exec.Fo
rwardClientInput.execute(ForwardClientInput.j
ava:37)
	at org.gradle.launcher.daemon.server.api.Dae
monCommandExecution.proceed(DaemonCommandExec
ution.java:104)
	at org.gradle.launcher.daemon.server.exec.Lo
gAndCheckHealth.execute(LogAndCheckHealth.jav
a:64)
	at org.gradle.launcher.daemon.server.api.Dae
monCommandExecution.proceed(DaemonCommandExec
ution.java:104)
	at org.gradle.launcher.daemon.server.exec.Lo
gToClient.doBuild(LogToClient.java:63)
	at org.gradle.launcher.daemon.server.exec.Bu
ildCommandOnly.execute(BuildCommandOnly.java:
37)
	at org.gradle.launcher.daemon.server.api.Dae
monCommandExecution.proceed(DaemonCommandExec
ution.java:104)
	at org.gradle.launcher.daemon.server.exec.Es
tablishBuildEnvironment.doBuild(EstablishBuil
dEnvironment.java:84)
	at org.gradle.launcher.daemon.server.exec.Bu
ildCommandOnly.execute(BuildCommandOnly.java:
37)
	at org.gradle.launcher.daemon.server.api.Dae
monCommandExecution.proceed(DaemonCommandExec
ution.java:104)
	at org.gradle.launcher.daemon.server.exec.St
artBuildOrRespondWithBusy$1.run(StartBuildOrR
espondWithBusy.java:52)
	at org.gradle.launcher.daemon.server.DaemonS
tateCoordinator.lambda$runCommand$0(DaemonSta
teCoordinator.java:321)
	at org.gradle.internal.concurrent.ExecutorPo
licy$CatchAndRecordFailures.onExecute(Executo
rPolicy.java:64)
	at org.gradle.internal.concurrent.AbstractMa
nagedExecutor$1.run(AbstractManagedExecutor.j
ava:47)
Caused by: org.gradle.api.internal.plugins.Pl
uginApplicationException: Failed to apply 
plugin 'org.jetbrains.kotlin.android'.
	at org.gradle.api.internal.plugins.DefaultPl
uginManager.doApply(DefaultPluginManager.java
:176)
	at org.gradle.api.internal.plugins.DefaultPl
uginManager.apply(DefaultPluginManager.java:1
39)
	at org.gradle.plugin.use.resolve.internal.Cl
assPathPluginResolution.applyTo(ClassPathPlug
inResolution.java:49)
	at org.gradle.plugin.use.internal.DefaultPlu
ginRequestApplicator$ApplyAction.apply(Defaul
tPluginRequestApplicator.java:160)
	... 177 more
Caused by: 
java.lang.IllegalArgumentException: Cannot 
add extension with name 'kotlin', as there 
is an extension already registered with that 
name.
	at org.gradle.internal.extensibility.Extensi
onsStorage.add(ExtensionsStorage.java:40)
	at org.gradle.internal.extensibility.Default
ExtensionContainer.add(DefaultExtensionContai
ner.java:78)
	at org.gradle.internal.extensibility.Default
ExtensionContainer.addWithDefaultPublicType(D
efaultExtensionContainer.java:170)
	at org.gradle.internal.extensibility.Default
ExtensionContainer.create(DefaultExtensionCon
tainer.java:84)
	at org.jetbrains.kotlin.gradle.dsl.KotlinPro
jectExtensionKt.createKotlinExtension(KotlinP
rojectExtension.kt:44)
	at org.jetbrains.kotlin.gradle.plugin.Kotlin
BasePluginWrapper.apply(KotlinPluginWrapper.k
t:221)
	at org.jetbrains.kotlin.gradle.plugin.Kotlin
AndroidPluginWrapper.apply(PluginWrappers.kt:
34)
	at org.jetbrains.kotlin.gradle.plugin.Kotlin
AndroidPluginWrapper.apply(PluginWrappers.kt:
26)
	at org.gradle.api.internal.plugins.Imperativ
eOnlyPluginTarget.applyImperative(ImperativeO
nlyPluginTarget.java:55)
	at org.gradle.api.internal.plugins.RuleBased
PluginTarget.applyImperative(RuleBasedPluginT
arget.java:50)
	at org.gradle.api.internal.plugins.DefaultPl
uginManager.addPlugin(DefaultPluginManager.ja
va:190)
	at org.gradle.api.internal.plugins.DefaultPl
uginManager.access$100(DefaultPluginManager.j
ava:54)
	at org.gradle.api.internal.plugins.DefaultPl
uginManager$AddPluginBuildOperation.run(Defau
ltPluginManager.java:285)
	at org.gradle.internal.operations.DefaultBui
ldOperationRunner$1.execute(DefaultBuildOpera
tionRunner.java:29)
	at org.gradle.internal.operations.DefaultBui
ldOperationRunner$1.execute(DefaultBuildOpera
tionRunner.java:26)
	at org.gradle.internal.operations.DefaultBui
ldOperationRunner$2.execute(DefaultBuildOpera
tionRunner.java:66)
	at org.gradle.internal.operations.DefaultBui
ldOperationRunner$2.execute(DefaultBuildOpera
tionRunner.java:59)
	at org.gradle.internal.operations.DefaultBui
ldOperationRunner.execute(DefaultBuildOperati
onRunner.java:166)
	at org.gradle.internal.operations.DefaultBui
ldOperationRunner.execute(DefaultBuildOperati
onRunner.java:59)
	at org.gradle.internal.operations.DefaultBui
ldOperationRunner.run(DefaultBuildOperationRu
nner.java:47)
	at org.gradle.api.internal.plugins.DefaultPl
uginManager.lambda$doApply$0(DefaultPluginMan
ager.java:170)
	at org.gradle.internal.code.DefaultUserCodeA
pplicationContext.apply(DefaultUserCodeApplic
ationContext.java:44)
	at org.gradle.api.internal.plugins.DefaultPl
uginManager.doApply(DefaultPluginManager.java
:169)
	... 180 more


BUILD FAILED in 1s
